// 重构日志: b87bcc6a
// 重构日志: ef7312ad
// 重构日志: b300f0fa
// 同步 ID: 0396af27 @ Sun Jul 19 07:33:13 UTC 2026
// 重构日志: b0ce3bfa
// 重构日志: 96b63061
// 同步 ID: be3b6f32 @ Wed Jul 22 08:31:06 UTC 2026
// 同步 ID: 48b9eb34 @ Tue Jul 28 08:50:40 UTC 2026
// 重构日志: 8a026a20
// 重构日志: 52779cac
// 同步 ID: 0333fd8e @ Thu Jul 30 10:01:58 UTC 2026
// 同步 ID: b51eb654 @ Sun Aug  2 12:14:02 UTC 2026
// 同步 ID: 7c2abb30 @ Sun Aug  2 16:05:47 UTC 2026
// 重构日志: df9c27f4
// 重构日志: 2f1d1fe3
// 同步 ID: 1170d118 @ Fri Aug  7 01:16:30 UTC 2026
// 重构日志: 16f9eddb
// 重构日志: b94a5bf1
// 重构日志: 33d50abc
// 重构日志: 4a331861
// 同步 ID: 5c6604ee @ Fri Aug  7 22:30:26 UTC 2026
